[www.bcp.com.bo/index.html]
[backblue.gif]
[fade.gif]
[index.html]
[www.bcp.com.bo/Content/images/logo.png]
[www.bcp.com.bo/favicon.ico]
[www.bcp.com.bo/Content/css3d14.css]
[www.bcp.com.bo/Content/swiper-bundle.min.css]
[www.bcp.com.bo/Scripts/swiper-bundle.min.js]
[d12zyq17vm1xwx.cloudfront.net/v2/wpn.min.js]
[www.google-analytics.com/analytics.js]
[connect.facebook.net/en_US/fbevents.js]
[www.bcp.com.bo/NuestroBanco.html]
[www.bcp.com.bo/Personas/CreditoATuMedida.html]
[www.bcp.com.bo/CuentaAhorro.html]
[www.bcp.com.bo/Personas/Seguros.html]
[www.bcp.com.bo/Inversiones/MesaDinero.html]
[www.bcp.com.bo/Personas/TarjetaDeCredito.html]
[www.bcp.com.bo/Personas/CanalesAtencion.html]
[www.bcp.com.bo/QR.html]
[www.bcp.com.bo/Personas/AdministraTuDinero/CuentaSueldo.html]
[www.bcp.com.bo/Pymes.html]
[www.bcp.com.bo/BoletasGarantia2/index.html]
[www.bcp.com.bo/Empresas/CuentaCorriente.html]
[www.bcp.com.bo/Empresas/CredinetWeb.html]
[www.bcp.com.bo/Empresas/ServicioPago.html]
[www.bcp.com.bo/Empresas/PagoDeProveedores.html]
[www.bcp.com.bo/Empresas/ServicioRecaudacion.html]
[www.bcp.com.bo/Empresas/ComercioExterior.html]
[www.bcp.com.bo/Empresas/GarantiasBancarias.html]
[www.bcp.com.bo/Empresas/CredibankEmpresarial.html]
[www.bcp.com.bo/Empresas/Fideicomisos.html]
[www.bcp.com.bo/Empresas/ComercioExterior/CartasCreditoStandBy.html]
[www.bcp.com.bo/Microcredito.html]
[www.bcp.com.bo/AperturaCuentaAhorro.html]
[www.bcp.com.bo/Personas.html]
[www.bcp.com.bo/Empresas.html]
[www.bcp.com.bo/Content/images/Otros/Punto_Reclamo_logo.png]
[www.bcp.com.bo/Reclamos2/Ach/Formulario.html]
[www.bcp.com.bo/Reclamos2/Consultas/Consulta.html]
[www.bcp.com.bo/Reclamos2/Principal/Reclamos.html]
[www.bcp.com.bo/Content/images/Avisos/aviso_1.png]
[www.bcp.com.bo/Content/images/Avisos/aviso_2.png]
[www.bcp.com.bo/Content/images/Avisos/aviso_3.png]
[www.bcp.com.bo/Content/images/Banners_nue/Landing_extranet_desktop1.png]
[www.bcp.com.bo/Content/images/Banners_nue/Landing_extranet_movil.png]
[www.bcp.com.bo/Content/images/iconos/naranja/cuenta_fondo/11_alcancia.png]
[www.bcp.com.bo/Content/images/iconos/naranja/cuenta_fondo/03_tarjeta.png]
[www.bcp.com.bo/Personas/CreditoATuMedida/CreditoEfectivoDigital.html]
[www.bcp.com.bo/Content/images/iconos/naranja/cuenta_fondo/dinero.png]
[www.bcp.com.bo/Content/images/iconos/naranja/cuenta_fondo/escudo.png]
[www.bcp.com.bo/Content/images/iconos/naranja/cuenta_fondo/02_bolsa_dinero.png]
[www.bcp.com.bo/Content/images/iconos/naranja/cuenta_fondo/01_celular.png]
[www.bcp.com.bo/Content/images/iconos/naranja/cuenta_fondo/04_contrato.png]
[www.bcp.com.bo/Desarrollo.html]
[www.bcp.com.bo/Content/images/iconos/naranja/cuenta_fondo/mundo.png]
[www.bcp.com.bo/promoslegalesYape.html]
[www.bcp.com.bo/Content/images/map_boffice.png]
[www.bcp.com.bo/Content/images/map_atm.png]
[www.bcp.com.bo/Content/images/map_agnbcp_v1.png]
[www.bcp.com.bo/Content/images/map_agnbil.png]
[www.bcp.com.bo/Content/images/map_cafebcpv2.png]
[www.bcp.com.bo/Personas/AdministraTuDinero/CuentasCorrientes.html]
[www.bcp.com.bo/Personas/Tasas.html]
[www.bcp.com.bo/Personas/AdministraTuDinero/EfectivoFacil.html]
[www.bcp.com.bo/Tarifario.html]
[www.bcp.com.bo/Glosario.html]
[www.bcp.com.bo/Personas/BCPuntos.html]
[www.bcp.com.bo/Personas/Remesas.html]
[www.bcp.com.bo/Content/descargas/Extractos QR.pdf]
[www.bcp.com.bo/Personas/BCPTeBanca.html]
[www.bcp.com.bo/ProgramaTravel.html]
[www.bcp.com.bo/Content/descargas/CuentaSueldo/PromoCuentaSueldoPil.pdf]
[www.bcp.com.bo/Personas/PromociónEmpresarial.html]
[www.bcp.com.bo/Content/descargas/CuentaSueldo/Resolución Administrativa de Autorización N° 05-00286-23_ Tus Beneficios BCP K5.pdf]
[www.bcp.com.bo/Content/descargas/empresas/carta_orden_CW.zip]
[www.bcp.com.bo/Personas/CanalesAtencion/AgentesBCP.html]
[www.bcp.com.bo/Personas/CanalesAtencion/BancaMovil.html]
[www.bcp.com.bo/Personas/CanalesAtencion/BancaInternet.html]
[www.bcp.com.bo/Personas/CanalesAtencion/CajerosAutomaticos.html]
[www.bcp.com.bo/Personas/CanalesAtencion/Oficinas.html]
[www.bcp.com.bo/Seguridad.html]
[www.bcp.com.bo/rse/index.html]
[www.bcp.com.bo/Personas/ProgramaTransparencia.html]
[www.bcp.com.bo/BienesAdjudicados.html]
[www.bcp.com.bo/Personas/PR.html]
[www.bcp.com.bo/NuestroBanco/Contactos.html]
[www.bcp.com.bo/FactExt/(S(to1vsdwh0t3ube5cihc35ucs))/ConsultaFacturas.html]
[www.bcp.com.bo/NuestroBanco/Desgravamen.html]
[www.bcp.com.bo/MapaDelSitio.html]
[www.bcp.com.bo/bundles/scripts62db]
[www.bcp.com.bo/bundles/bootstrap243b]
[www.bcp.com.bo/bundles/navegador645c]
[www.bcp.com.bo/Content/styles.css]
[www.bcp.com.bo/Scripts/call.js]
[www.bcp.com.bo/Scripts/js.cookie.js]
[www.bcp.com.bo/index.html]
[www.bcp.com.bo/Content/images/CuentaAhorro/c_millon.png]
[www.bcp.com.bo/Content/images/CuentaAhorro/c_libre.png]
[www.bcp.com.bo/Content/images/CuentaAhorro/fondo_azul.png]
[www.bcp.com.bo/Content/images/Avisos/aviso_p1.png]
[www.bcp.com.bo/Content/images/Avisos/aviso_p2.png]
[www.bcp.com.bo/Content/images/Avisos/aviso_p3.png]
[www.bcp.com.bo/Content/images/Avisos/aviso_p4.png]
[www.bcp.com.bo/Content/images/CuentaAhorro/c_millon_movil.png]
[www.bcp.com.bo/Content/images/CuentaAhorro/c_libre_movil.png]
[www.bcp.com.bo/Content/images/CuentaAhorro/fondo_azul_movil.png]
[www.bcp.com.bo/Content/images/CuentaAhorro/c_alcancia.png]
[www.bcp.com.bo/Content/images/Tarjeta/Travel.png]
[www.bcp.com.bo/Content/images/Tarjeta/CompraEnCuotas1.png]
[www.bcp.com.bo/Content/images/Tarjeta/Lector.png]
[www.bcp.com.bo/Content/images/Tarjeta/Efectivo.png]
[www.bcp.com.bo/Content/images/CuentaAhorro/c_dpf.png]
[www.bcp.com.bo/Content/images/CuentaAhorro/c_alcancia_m.png]
[www.bcp.com.bo/Content/images/Tarjeta/Travel_movil.png]
[www.bcp.com.bo/Content/images/Tarjeta/Lector_movil.png]
[www.bcp.com.bo/Content/images/Tarjeta/pago_cuotas.jpg]
[www.bcp.com.bo/Content/images/Tarjeta/EfectivoMovil.png]
[www.bcp.com.bo/Content/images/CuentaAhorro/c_dpf_movil.png]
[www.bcp.com.bo/Content/images/iconos/naranja/check_ok_movil.png]
[www.bcp.com.bo/Content/images/Novedades/millon.png]
[www.bcp.com.bo/Content/images/Novedades/cuenta.png]
[www.bcp.com.bo/Content/images/Novedades/familia.png]
[www.bcp.com.bo/Content/images/Novedades/catar_2022.png]
[www.bcp.com.bo/Content/images/Novedades/yape.jpg]
[www.bcp.com.bo/Content/images/Novedades/ArteSumaPagos.png]
[www.bcp.com.bo/Content/images/Novedades/ContigoBCP.jpg]
[www.bcp.com.bo/Content/images/Banners_nue/banner_home_Bcp.jpg]
[www.bcp.com.bo/Content/images/Banners/Banner_TodoListo.html]
[www.bcp.com.bo/Content/images/Novedades/TuSueldoCuenta.png]
[www.bcp.com.bo/Content/images/Novedades/promoMillon_movil.png]
[www.bcp.com.bo/Content/images/Novedades/cuenta_movil.png]
[www.bcp.com.bo/Content/images/Novedades/familia_movil.png]
[www.bcp.com.bo/Content/images/Novedades/catar_2022_movil.png]
[www.bcp.com.bo/Content/images/Novedades/yape_movil.jpg]
[www.bcp.com.bo/Content/images/Novedades/SumaPago_Mobile.jpg]
[www.bcp.com.bo/Content/images/Novedades/ContigoBCP_Movil.jpg]
[www.bcp.com.bo/Content/images/Banners_nue/banner_home_movil_Bcp.jpg]
[www.bcp.com.bo/Content/images/Banners/Banner_Todo_Listo_Mobile.html]
[www.bcp.com.bo/Content/images/Novedades/TuSueldoCuenta_movil.png]
[www.bcp.com.bo/fonts/Flaticon.eot]
[www.bcp.com.bo/fonts/Flaticond41d.eot]
[www.bcp.com.bo/fonts/Flaticon.woff]
[www.bcp.com.bo/fonts/Flaticon.ttf]
[www.bcp.com.bo/fonts/fontawesome-webfont-d980c2ce3e6e.eot]
[www.bcp.com.bo/fonts/fontawesome-webfont-d980c2ced41d.eot]
[www.bcp.com.bo/fonts/fontawesome-webfont-d6f48cba3e6e.woff2]
[www.bcp.com.bo/fonts/fontawesome-webfont-28b782243e6e.woff]
[www.bcp.com.bo/fonts/fontawesome-webfont-13b1eab63e6e.ttf]
[www.bcp.com.bo/fonts/JustMeAgainDownHere.ttf]
[www.bcp.com.bo/Content/images/comunidad-83096d69.png]
[www.bcp.com.bo/Content/images/fourth-background-42874a63.png]
[www.bcp.com.bo/Content/images/fourth-pattern-16ad26d8.jpg]
[www.bcp.com.bo/Content/images/banner-background-b9a1a95e.de.delayed]
[www.bcp.com.bo/Content/css3d14.css]
[www.bcp.com.bo/Content/swiper-bundle.min.css]
[www.googletagmanager.com/gtm5445.html]
[www.bcp.com.bo/POST.html]
[connect.facebook.net/en_US/fbevents.js]
[www.bcp.com.bo/Content/images/iconos/blanco/close.svg]
[www.bcp.com.bo/NuestroBanco.html]
[www.bcp.com.bo/Content/images/iconos/naranja/nuestro_banco.svg]
[www.bcp.com.bo/Content/images/iconos/naranja/personas.svg]
[www.bcp.com.bo/Personas/CreditoATuMedida.html]
[www.bcp.com.bo/Content/images/iconos/blanco/dinero.svg]
[www.bcp.com.bo/CuentaAhorro.html]
[www.bcp.com.bo/Content/images/iconos/blanco/alcancia.svg]
[www.bcp.com.bo/Personas/Seguros.html]
[www.bcp.com.bo/Content/images/iconos/blanco/escudo.svg]
[www.bcp.com.bo/Inversiones/MesaDinero.html]
[www.bcp.com.bo/Content/images/iconos/blanco/inversiones.svg]
[www.bcp.com.bo/Personas/TarjetaDeCredito.html]
[www.bcp.com.bo/Content/images/iconos/blanco/tarjeta.svg]
